# secrets.map — シークレット集中管理の単一ソース（非 secret）
#
# 形式（| 区切り）:  論理ENV名 | 1Password item title（括弧可） | field id
#
# - 真実源は 1Password vault "claude-code-secrets"。値はここには絶対書かない。
# - title は人間が読める名前で書く（括弧 OK）。gen-env-ref.sh が op item get で
#   一意な item ID に解決する（R7: 括弧 title は op read 不可 → 解決後の ID 参照を使う）。
# - field id は通常 credential（CONCEALED, ラベル"認証情報"）。
#
# vault を変える場合は gen-env-ref.sh の VAULT 環境変数で上書き。

# 論理名                | item title                  | field
ANTHROPIC_API_KEY       | Anthropic API Key           | credential
GEMINI_API_KEY          | Gemini API Key (Template)   | credential
OPENAI_API_KEY          | OpenAI API Key              | credential
XAI_API_KEY             | Grok API Key (Template)     | credential
BRAVE_API_KEY           | Brave Search API Key        | credential
GOOGLE_CSE_KEY          | Google CSE API Key          | credential
GOOGLE_CSE_ID           | Google CSE ID               | credential
X_BEARER_TOKEN          | X Bearer Token              | credential
# MiniMax は credential 未投入のため既定で skip される（要 vault 側でキー登録）
MINIMAX_API_KEY         | MiniMax API Key             | credential
